height 24
width 48
map
.........................@......................
.........................@......................
.........................@......................
.........................@......................
.........................@......................
................................................
................................................
.......................@@@@@@...................
......................@@@@@@@@..................
.....................@@@@@@@@@@.................
....................@@@@@@@@@@@@................
@@@@@@@@@@@@@@@@@..@@@@@@@@@@@@@@..@@@@@@@@@@@@@
@@@@@@@@@@@@@@@@@..@@@@@@@@@@@@@@..@@@@@@@@@@@@@
....................@@@@@@@@@@@@................
.....................@@@@@@@@@@.................
......................@@@@@@@@..................
.......................@@@@@@...................
................................................
................................................
.........................@......................
.........................@......................
.........................@......................
.........................@......................
.........................@......................